// Jest Snapshot v1, https://goo.gl/fbAQLP

exports[`MagicModalPortal renders correctly 1`] = `
<RNSFullWindowOverlay
  style={
    [
      {
        "bottom": 0,
        "left": 0,
        "position": "absolute",
        "right": 0,
        "top": 0,
      },
      {
        "height": 1334,
        "width": 750,
      },
    ]
  }
>
  <View
    style={
      [
        {
          "bottom": 0,
          "left": 0,
          "position": "absolute",
          "right": 0,
          "top": 0,
        },
        {
          "pointerEvents": "box-none",
        },
      ]
    }
  />
</RNSFullWindowOverlay>
`;
